2025-10-31 13:58:36.924 [info] Extension host with pid 48966 started
2025-10-31 13:58:36.924 [info] Skipping acquiring lock for /Users/juneatkins/Library/Application Support/Code/User/workspaceStorage/1ac5e3b9dfbaa5692fd783b632f81e3a.
2025-10-31 13:58:36.935 [info] ExtensionService#_doActivateExtension vscode.github-authentication, startup: false, activationEvent: 'onAuthenticationRequest:github'
2025-10-31 13:58:36.950 [info] ExtensionService#_doActivateExtension vscode.emmet, startup: false, activationEvent: 'onLanguage'
2025-10-31 13:58:36.979 [info] ExtensionService#_doActivateExtension vscode.git-base, startup: true, activationEvent: '*', root cause: vscode.git
2025-10-31 13:58:36.985 [info] ExtensionService#_doActivateExtension vscode.git, startup: true, activationEvent: '*'
2025-10-31 13:58:37.011 [info] ExtensionService#_doActivateExtension vscode.github, startup: true, activationEvent: '*'
2025-10-31 13:58:37.140 [info] Eager extensions activated
2025-10-31 13:58:37.142 [info] ExtensionService#_doActivateExtension vscode.debug-auto-launch, startup: false, activationEvent: 'onStartupFinished'
2025-10-31 13:58:37.144 [info] ExtensionService#_doActivateExtension vscode.merge-conflict, startup: false, activationEvent: 'onStartupFinished'
2025-10-31 13:58:51.047 [info] Extension host terminating: renderer closed the MessagePort
2025-10-31 13:58:51.058 [info] Extension host with pid 48966 exiting with code 0
2025-10-31 13:58:51.780 [info] Extension host with pid 49027 started
2025-10-31 13:58:51.780 [info] Skipping acquiring lock for /Users/juneatkins/Library/Application Support/Code/User/workspaceStorage/094179499c2b2da50ff4df05e20852d6.
2025-10-31 13:58:51.787 [info] ExtensionService#_doActivateExtension vscode.github-authentication, startup: false, activationEvent: 'onAuthenticationRequest:github'
2025-10-31 13:58:51.798 [info] ExtensionService#_doActivateExtension vscode.emmet, startup: false, activationEvent: 'onLanguage'
2025-10-31 13:58:51.823 [info] ExtensionService#_doActivateExtension vscode.git-base, startup: true, activationEvent: '*', root cause: vscode.git
2025-10-31 13:58:51.825 [info] ExtensionService#_doActivateExtension vscode.npm, startup: true, activationEvent: 'workspaceContains:package.json'
2025-10-31 13:58:51.841 [info] ExtensionService#_doActivateExtension vscode.git, startup: true, activationEvent: '*'
2025-10-31 13:58:51.864 [info] ExtensionService#_doActivateExtension vscode.github, startup: true, activationEvent: '*'
2025-10-31 13:58:51.935 [info] Eager extensions activated
2025-10-31 13:58:51.938 [info] ExtensionService#_doActivateExtension vscode.debug-auto-launch, startup: false, activationEvent: 'onStartupFinished'
2025-10-31 13:58:51.939 [info] ExtensionService#_doActivateExtension vscode.merge-conflict, startup: false, activationEvent: 'onStartupFinished'
2025-10-31 13:58:56.890 [info] ExtensionService#_doActivateExtension vscode.configuration-editing, startup: false, activationEvent: 'onLanguage:json'
2025-10-31 13:58:56.896 [info] ExtensionService#_doActivateExtension vscode.extension-editing, startup: false, activationEvent: 'onLanguage:json'
2025-10-31 13:58:56.903 [info] ExtensionService#_doActivateExtension vscode.json-language-features, startup: false, activationEvent: 'onLanguage:json'
2025-10-31 13:59:00.789 [warning] [Decorations] CAPPING events from decorations provider vscode.git 10011
2025-10-31 13:59:06.741 [warning] [Decorations] CAPPING events from decorations provider vscode.git 10011
