2025-10-31 13:58:36.981 [info] Reading sessions from keychain...
2025-10-31 13:58:36.981 [info] Getting sessions for all scopes...
2025-10-31 13:58:37.022 [info] Got 0 sessions for ...
2025-10-31 13:58:37.022 [info] Getting sessions for all scopes...
2025-10-31 13:58:37.022 [info] Got 0 sessions for ...
2025-10-31 13:58:37.022 [info] Getting sessions for all scopes...
2025-10-31 13:58:37.022 [info] Got 0 sessions for ...
2025-10-31 13:58:37.022 [info] Getting sessions for all scopes...
2025-10-31 13:58:37.022 [info] Got 0 sessions for ...
2025-10-31 13:58:37.022 [info] Getting sessions for all scopes...
2025-10-31 13:58:37.022 [info] Got 0 sessions for ...
2025-10-31 13:58:37.022 [info] Getting sessions for all scopes...
2025-10-31 13:58:37.022 [info] Got 0 sessions for ...
2025-10-31 13:58:37.022 [info] Getting sessions for all scopes...
2025-10-31 13:58:37.022 [info] Got 0 sessions for ...
2025-10-31 13:58:37.022 [info] Getting sessions for all scopes...
2025-10-31 13:58:37.022 [info] Got 0 sessions for ...
2025-10-31 13:58:37.022 [info] Getting sessions for all scopes...
2025-10-31 13:58:37.022 [info] Got 0 sessions for ...
2025-10-31 13:58:37.022 [info] Getting sessions for all scopes...
2025-10-31 13:58:37.022 [info] Got 0 sessions for ...
2025-10-31 13:58:37.023 [info] Getting sessions for all scopes...
2025-10-31 13:58:37.023 [info] Got 0 sessions for ...
2025-10-31 13:58:37.023 [info] Getting sessions for all scopes...
2025-10-31 13:58:37.023 [info] Got 0 sessions for ...
2025-10-31 13:58:37.023 [info] Getting sessions for all scopes...
2025-10-31 13:58:37.023 [info] Got 0 sessions for ...
2025-10-31 13:58:37.023 [info] Getting sessions for all scopes...
2025-10-31 13:58:37.023 [info] Got 0 sessions for ...
2025-10-31 13:58:37.023 [info] Getting sessions for all scopes...
2025-10-31 13:58:37.023 [info] Got 0 sessions for ...
2025-10-31 13:58:37.023 [info] Getting sessions for all scopes...
2025-10-31 13:58:37.023 [info] Got 0 sessions for ...
2025-10-31 13:58:38.799 [info] Getting sessions for all scopes...
2025-10-31 13:58:38.799 [info] Got 0 sessions for ...
2025-10-31 13:58:38.799 [info] Getting sessions for all scopes...
2025-10-31 13:58:38.799 [info] Got 0 sessions for ...
2025-10-31 13:58:38.805 [info] Getting sessions for all scopes...
2025-10-31 13:58:38.805 [info] Got 0 sessions for ...
2025-10-31 13:58:51.839 [info] Reading sessions from keychain...
2025-10-31 13:58:51.839 [info] Getting sessions for all scopes...
2025-10-31 13:58:51.839 [info] Got 0 sessions for ...
2025-10-31 13:58:51.839 [info] Getting sessions for all scopes...
2025-10-31 13:58:51.839 [info] Got 0 sessions for ...
2025-10-31 13:58:51.839 [info] Getting sessions for all scopes...
2025-10-31 13:58:51.839 [info] Got 0 sessions for ...
2025-10-31 13:58:51.839 [info] Getting sessions for all scopes...
2025-10-31 13:58:51.839 [info] Got 0 sessions for ...
2025-10-31 13:58:51.839 [info] Getting sessions for all scopes...
2025-10-31 13:58:51.839 [info] Got 0 sessions for ...
2025-10-31 13:58:51.839 [info] Getting sessions for all scopes...
2025-10-31 13:58:51.839 [info] Got 0 sessions for ...
2025-10-31 13:58:51.839 [info] Getting sessions for all scopes...
2025-10-31 13:58:51.839 [info] Got 0 sessions for ...
2025-10-31 13:58:51.839 [info] Getting sessions for all scopes...
2025-10-31 13:58:51.839 [info] Got 0 sessions for ...
2025-10-31 13:58:51.839 [info] Getting sessions for all scopes...
2025-10-31 13:58:51.839 [info] Got 0 sessions for ...
2025-10-31 13:58:51.839 [info] Getting sessions for all scopes...
2025-10-31 13:58:51.839 [info] Got 0 sessions for ...
2025-10-31 13:58:51.839 [info] Getting sessions for all scopes...
2025-10-31 13:58:51.839 [info] Got 0 sessions for ...
2025-10-31 13:58:51.839 [info] Getting sessions for all scopes...
2025-10-31 13:58:51.839 [info] Got 0 sessions for ...
2025-10-31 13:58:51.839 [info] Getting sessions for all scopes...
2025-10-31 13:58:51.839 [info] Got 0 sessions for ...
2025-10-31 13:58:51.839 [info] Getting sessions for all scopes...
2025-10-31 13:58:51.839 [info] Got 0 sessions for ...
2025-10-31 13:58:51.839 [info] Getting sessions for all scopes...
2025-10-31 13:58:51.839 [info] Got 0 sessions for ...
2025-10-31 13:58:51.839 [info] Getting sessions for all scopes...
2025-10-31 13:58:51.839 [info] Got 0 sessions for ...
2025-10-31 13:58:53.838 [info] Getting sessions for all scopes...
2025-10-31 13:58:53.838 [info] Got 0 sessions for ...
2025-10-31 13:58:53.838 [info] Getting sessions for all scopes...
2025-10-31 13:58:53.838 [info] Got 0 sessions for ...
2025-10-31 13:58:53.841 [info] Getting sessions for all scopes...
2025-10-31 13:58:53.841 [info] Got 0 sessions for ...
2025-10-31 13:59:00.802 [info] Getting sessions for read:user,repo,user:email,workflow...
2025-10-31 13:59:00.802 [info] Got 0 sessions for read:user,repo,user:email,workflow...
