2025-10-31 13:59:24.323 [info] Reading sessions from keychain...
2025-10-31 13:59:24.323 [info] Getting sessions for all scopes...
2025-10-31 13:59:24.323 [info] Got 0 sessions for ...
2025-10-31 13:59:24.323 [info] Getting sessions for all scopes...
2025-10-31 13:59:24.323 [info] Got 0 sessions for ...
2025-10-31 13:59:24.323 [info] Getting sessions for all scopes...
2025-10-31 13:59:24.323 [info] Got 0 sessions for ...
2025-10-31 13:59:24.323 [info] Getting sessions for all scopes...
2025-10-31 13:59:24.323 [info] Got 0 sessions for ...
2025-10-31 13:59:24.323 [info] Getting sessions for all scopes...
2025-10-31 13:59:24.323 [info] Got 0 sessions for ...
2025-10-31 13:59:24.323 [info] Getting sessions for all scopes...
2025-10-31 13:59:24.323 [info] Got 0 sessions for ...
2025-10-31 13:59:24.323 [info] Getting sessions for all scopes...
2025-10-31 13:59:24.323 [info] Got 0 sessions for ...
2025-10-31 13:59:24.323 [info] Getting sessions for all scopes...
2025-10-31 13:59:24.323 [info] Got 0 sessions for ...
2025-10-31 13:59:24.323 [info] Getting sessions for all scopes...
2025-10-31 13:59:24.323 [info] Got 0 sessions for ...
2025-10-31 13:59:24.323 [info] Getting sessions for all scopes...
2025-10-31 13:59:24.323 [info] Got 0 sessions for ...
2025-10-31 13:59:24.323 [info] Getting sessions for all scopes...
2025-10-31 13:59:24.323 [info] Got 0 sessions for ...
2025-10-31 13:59:24.323 [info] Getting sessions for all scopes...
2025-10-31 13:59:24.323 [info] Got 0 sessions for ...
2025-10-31 13:59:24.323 [info] Getting sessions for all scopes...
2025-10-31 13:59:24.323 [info] Got 0 sessions for ...
2025-10-31 13:59:24.323 [info] Getting sessions for all scopes...
2025-10-31 13:59:24.323 [info] Got 0 sessions for ...
2025-10-31 13:59:24.323 [info] Getting sessions for all scopes...
2025-10-31 13:59:24.323 [info] Got 0 sessions for ...
2025-10-31 13:59:24.323 [info] Getting sessions for all scopes...
2025-10-31 13:59:24.323 [info] Got 0 sessions for ...
2025-10-31 13:59:24.433 [info] Getting sessions for read:user,repo,user:email,workflow...
2025-10-31 13:59:24.433 [info] Got 0 sessions for read:user,repo,user:email,workflow...
2025-10-31 13:59:26.385 [info] Getting sessions for all scopes...
2025-10-31 13:59:26.386 [info] Got 0 sessions for ...
2025-10-31 13:59:26.386 [info] Getting sessions for all scopes...
2025-10-31 13:59:26.386 [info] Got 0 sessions for ...
2025-10-31 13:59:26.392 [info] Getting sessions for all scopes...
2025-10-31 13:59:26.392 [info] Got 0 sessions for ...
